// Jest Snapshot v1, https://goo.gl/fbAQLP

exports[`<CustomButton /> renders correctly without crashing 1`] = `
<DocumentFragment>
  <button
    class="sc-bdfBwQ ebgsqd"
  />
</DocumentFragment>
`;
